test global value:
  1: |
    apiVersion: networking.istio.io/v1beta1
    kind: VirtualService
    metadata:
      name: RELEASE-NAME-test-chart
    spec:
      gateways:
        - NAMESPACE/gateway
      hosts:
        - some.domain
      http:
        match:
          - uri:
              exact: some.domain
        name: default
        route:
          - destination:
              host: some.host
              port:
                number: 8080
test local value:
  1: |
    apiVersion: networking.istio.io/v1beta1
    kind: VirtualService
    metadata:
      name: RELEASE-NAME-test-chart
    spec:
      gateways:
        - NAMESPACE/gateway
      hosts:
        - some.domain
      http:
        match:
          - uri:
              exact: some.domain
        name: default
        route:
          - destination:
              host: some.host
              port:
                number: 8080
test test no value:
  1: |
    apiVersion: networking.istio.io/v1beta1
    kind: VirtualService
    metadata:
      name: RELEASE-NAME-test-chart
    spec:
      gateways:
        - NAMESPACE/gateway
      hosts:
        - some.domain
      http:
        match:
          - uri:
              exact: some.domain
        name: default
        route:
          - destination:
              host: some.host
              port:
                number: 8080
