matches the snapshot:
  1: |
    apiVersion: gateway.networking.k8s.io/v1
    kind: HTTPRoute
    metadata:
      name: RELEASE-NAME-iam-ui
      namespace: NAMESPACE
    spec:
      hostnames:
        - portal.localhost
        - '*.portal.localhost'
      parentRefs:
        - name: k8sapi-gateway
      rules:
        - backendRefs:
            - name: RELEASE-NAME-iam-ui
              namespace: NAMESPACE
              port: 8080
          filters:
            - extensionRef:
                group: traefik.io
                kind: Middleware
                name: cors-header
              type: ExtensionRef
          matches:
            - path:
                type: PathPrefix
                value: /ui/iam
