matches the Snapshot with internal rbac creation enabled:
  1: |
    apiVersion: rbac.authorization.k8s.io/v1
    kind: ClusterRole
    metadata:
      name: platform-mesh-kubernetes-graphql-gateway
      namespace: platform-mesh-system
    rules:
      - apiGroups:
          - ""
        resources:
          - users
          - serviceaccounts
        verbs:
          - impersonate
      - apiGroups:
          - '*'
        resources:
          - '*'
        verbs:
          - '*'
      - apiGroups:
          - apiextensions.k8s.io
        resources:
          - customresourcedefinitions
        verbs:
          - get
          - list
          - watch
  2: |
    apiVersion: rbac.authorization.k8s.io/v1
    kind: ClusterRoleBinding
    metadata:
      name: platform-mesh-kubernetes-graphql-gateway
      namespace: platform-mesh-system
    roleRef:
      apiGroup: rbac.authorization.k8s.io
      kind: ClusterRole
      name: platform-mesh-kubernetes-graphql-gateway
    subjects:
      - kind: ServiceAccount
        name: platform-mesh-kubernetes-graphql-gateway
        namespace: platform-mesh-system
