it should render the application manifests:
  1: |
    apiVersion: helm.toolkit.fluxcd.io/v2
    kind: HelmRelease
    metadata:
      name: account-operator
      namespace: default
    spec:
      chartRef:
        kind: OCIRepository
        name: account-operator
        namespace: default
      dependsOn: null
      interval: 1m
      releaseName: account-operator
      targetNamespace: platform-mesh-system
      timeout: 30m
      values:
        crds:
          enabled: false
        kcp:
          enabled: true
        kubeconfigSecret: account-operator-kubeconfig
        log:
          level: debug
        subroutines:
          fga:
            grpcAddr: openfga:8081
        tracing:
          collector:
            host: observability-opentelemetry-collector.observability.svc.cluster.local:4317
          enabled: false
  2: |
    apiVersion: helm.toolkit.fluxcd.io/v2
    kind: HelmRelease
    metadata:
      name: extension-manager-operator
      namespace: default
    spec:
      chartRef:
        kind: OCIRepository
        name: extension-manager-operator
        namespace: default
      dependsOn: null
      interval: 1m
      releaseName: extension-manager-operator
      targetNamespace: platform-mesh-system
      timeout: 30m
      values:
        crds:
          enabled: true
        kcp:
          enabled: true
          kubeconfig:
            secret: extension-manager-operator-kubeconfig
        tracing:
          collector:
            host: observability-opentelemetry-collector.observability.svc.cluster.local:4317
          enabled: false
  3: |
    apiVersion: helm.toolkit.fluxcd.io/v2
    kind: HelmRelease
    metadata:
      name: iam-service
      namespace: default
    spec:
      chartRef:
        kind: OCIRepository
        name: iam-service
        namespace: default
      dependsOn: null
      interval: 1m
      releaseName: iam-service
      targetNamespace: platform-mesh-system
      timeout: 30m
      values:
        caSecret: domain-certificate-ca
  4: |
    apiVersion: helm.toolkit.fluxcd.io/v2
    kind: HelmRelease
    metadata:
      name: iam-ui
      namespace: default
    spec:
      chartRef:
        kind: OCIRepository
        name: iam-ui
        namespace: default
      dependsOn: null
      interval: 1m
      releaseName: iam-ui
      targetNamespace: platform-mesh-system
      timeout: 30m
      values: null
  5: |
    apiVersion: helm.toolkit.fluxcd.io/v2
    kind: HelmRelease
    metadata:
      name: infra
      namespace: default
    spec:
      chartRef:
        kind: OCIRepository
        name: infra
        namespace: default
      dependsOn:
        - name: kcp-operator
          namespace: default
      interval: 1m
      releaseName: infra
      targetNamespace: platform-mesh-system
      timeout: 30m
      values:
        gatewayApi:
          enabled: true
        istio:
          main:
            gateway:
              hosts:
                - example.com
                - '*.example.com'
              name: https
              port: "8443"
              protocol: HTTPS
              tls:
                credentialName: domain-certificate
                minProtocolVersion: TLSV1_2
                mode: SIMPLE
          passThrough:
            gateway:
              enabled: true
              hosts:
                - kcp.api.example.com
              name: pass-https
              port: "8443"
              protocol: HTTPS
        kcp:
          image:
            tag: v0.29.0
          rootShard:
            extraArgs:
              - --feature-gates=WorkspaceAuthentication=true
          webhook:
            enabled: true
        keycloak:
          istio:
            virtualservice:
              hosts:
                - example.com
  6: |
    apiVersion: helm.toolkit.fluxcd.io/v2
    kind: HelmRelease
    metadata:
      name: init-agent
      namespace: default
    spec:
      chart:
        spec:
          chart: init-agent
          reconcileStrategy: ChartVersion
          sourceRef:
            kind: HelmRepository
            name: init-agent
      dependsOn: null
      interval: 1m
      releaseName: init-agent
      targetNamespace: platform-mesh-system
      timeout: 30m
      values:
        configWorkspace: root:platform-mesh-system
        hostAliases:
          enabled: false
          values:
            - hostnames:
                - localhost
              ip: 10.96.188.4
        kcpKubeconfig: init-agent-kubeconfig
        leaderElection:
          enabled: false
        replicas: 1
  7: |
    apiVersion: helm.toolkit.fluxcd.io/v2
    kind: HelmRelease
    metadata:
      name: keycloak
      namespace: default
    spec:
      chartRef:
        kind: OCIRepository
        name: keycloak
        namespace: default
      dependsOn: null
      interval: 1m
      releaseName: keycloak
      targetNamespace: platform-mesh-system
      timeout: 30m
      values:
        auth:
          adminUser: keycloak-admin
          existingSecret: keycloak-admin
          passwordSecretKey: secret
        extraEnvVars:
          - name: JAVA_OPTS_APPEND
            value: -Djgroups.dns.query=keycloak-headless.platform-mesh-system.svc.cluster.local
          - name: KC_PROXY_HEADERS
            value: xforwarded
          - name: KC_HOSTNAME_STRICT
            value: "false"
        global:
          security:
            allowInsecureImages: true
        httpRelativePath: /keycloak/
        image:
          registry: ghcr.io/platform-mesh
          repository: upstream-images/keycloak
        postgresql:
          auth:
            existingSecret: ""
            secretKeys:
              adminPasswordKey: password
              userPasswordKey: password
            username: keycloak
          image:
            registry: ghcr.io/platform-mesh
            repository: upstream-images/postgresql
          nameOverride: postgresql-keycloak
          primary:
            resourcesPreset: none
        resources:
          limits:
            cpu: "2"
            ephemeral-storage: 2Gi
            memory: 2Gi
          requests:
            cpu: 750m
            ephemeral-storage: 50Mi
            memory: 1Gi
  8: |
    apiVersion: helm.toolkit.fluxcd.io/v2
    kind: HelmRelease
    metadata:
      name: kubernetes-graphql-gateway
      namespace: default
    spec:
      chartRef:
        kind: OCIRepository
        name: kubernetes-graphql-gateway
        namespace: default
      dependsOn: null
      interval: 1m
      releaseName: kubernetes-graphql-gateway
      targetNamespace: platform-mesh-system
      timeout: 30m
      values:
        cors:
          enabled: true
        gatewayApi:
          enabled: true
        kubeConfig:
          enabled: true
          secretName: kubernetes-graphql-gateway-kubeconfig
        listener:
          virtualWorkspacesConfig:
            content:
              virtualWorkspaces:
                - kubeconfig: /app/kubeconfig/kubeconfig
                  name: contentconfigurations
                  url: https://frontproxy-front-proxy.platform-mesh-system:6443/services/contentconfigurations
                - kubeconfig: /app/kubeconfig/kubeconfig
                  name: marketplace
                  url: https://frontproxy-front-proxy.platform-mesh-system:6443/services/marketplace
            enabled: true
        tracing:
          enabled: false
        trust:
          default:
            audience: default
            jwksUrl: http://keycloak-headless.platform-mesh-system:8080/keycloak/realms/default/protocol/openid-connect/certs
            trustedIssuer: https://example.com:8443/keycloak/realms/default
  9: |
    apiVersion: helm.toolkit.fluxcd.io/v2
    kind: HelmRelease
    metadata:
      name: openfga
      namespace: default
    spec:
      chart:
        spec:
          chart: openfga
          reconcileStrategy: ChartVersion
          sourceRef:
            kind: HelmRepository
            name: openfga
      dependsOn: null
      interval: 1m
      releaseName: openfga
      targetNamespace: platform-mesh-system
      timeout: 30m
      values:
        autoscaling:
          enabled: false
        checkQueryCache:
          enabled: true
          limit: 10000
          ttl: 10s
        datastore:
          applyMigrations: true
          engine: postgres
          maxOpenConns: 30
          migrationType: initContainer
          migrations:
            image:
              pullPolicy: Always
              repository: groundnuty/k8s-wait-for
              tag: v2.0
        extraEnvVars:
          - name: OPENFGA_EXPERIMENTALS
            value: enable-list-users
        global:
          imagePullSecrets:
            - name: github
        image:
          repository: openfga/openfga
          tag: ""
        log:
          level: info
        migrate:
          annotations:
            sidecar.istio.io/inject: "false"
        podAnnotations:
          traffic.sidecar.istio.io/excludeInboundPorts: "2112"
        postgresql:
          enabled: true
          image:
            registry: ghcr.io/platform-mesh
            repository: images/postgresql
          nameOverride: postgres
        replicaCount: 1
        telemetry:
          trace:
            enabled: false
            otlp:
              endpoint: observability-opentelemetry-collector.observability.svc.cluster.local:4317
              tls:
                enabled: false
  10: |
    apiVersion: helm.toolkit.fluxcd.io/v2
    kind: HelmRelease
    metadata:
      name: rebac-authz-webhook
      namespace: default
    spec:
      chartRef:
        kind: OCIRepository
        name: rebac-authz-webhook
        namespace: default
      dependsOn: null
      interval: 1m
      releaseName: rebac-authz-webhook
      targetNamespace: platform-mesh-system
      timeout: 30m
      values:
        certManager:
          createCA: true
          enabled: true
        log:
          level: debug
        openfga:
          url: openfga:8081
  11: |
    apiVersion: helm.toolkit.fluxcd.io/v2
    kind: HelmRelease
    metadata:
      name: security-operator
      namespace: default
    spec:
      chartRef:
        kind: OCIRepository
        name: security-operator
        namespace: default
      dependsOn: null
      interval: 1m
      releaseName: security-operator
      targetNamespace: platform-mesh-system
      timeout: 30m
      values:
        baseDomain: example.com:8443
        crds:
          enabled: false
        fga:
          inviteKeycloakBaseUrl: https://example.com:8443/keycloak
          target: openfga.platform-mesh-system.svc.cluster.local:8081
        initializer:
          kubeconfigSecret: security-initializer-kubeconfig
        kubeconfigSecret: security-operator-kubeconfig
        log:
          level: debug
        operator:
          maxConcurrentReconciles: 1
          shutdownTimeout: 1m
        terminator:
          kubeconfigSecret: security-terminator-kubeconfig
  12: |
    apiVersion: helm.toolkit.fluxcd.io/v2
    kind: HelmRelease
    metadata:
      name: virtual-workspaces
      namespace: default
    spec:
      chartRef:
        kind: OCIRepository
        name: virtual-workspaces
        namespace: default
      dependsOn: null
      interval: 1m
      releaseName: virtual-workspaces
      targetNamespace: platform-mesh-system
      timeout: 30m
      values:
        deployment:
          resourceSchemaName: v250704-6d57f16.contentconfigurations.ui.platform-mesh.io
          resourceSchemaWorkspace: root:platform-mesh-system
          serverUrl: https://frontproxy-front-proxy.platform-mesh-system:6443
        virtualWorkspaceSecretName: virtual-workspaces-cert
  13: |
    apiVersion: delivery.ocm.software/v1alpha1
    kind: Resource
    metadata:
      labels:
        artifact: chart
        repo: oci
      name: account-operator-chart
    spec:
      componentRef:
        name: platform-mesh
      interval: 3m
      ocmConfig:
        - apiVersion: delivery.ocm.software/v1alpha1
          kind: Repository
          name: platform-mesh
          namespace: default
      resource:
        byReference:
          referencePath:
            - name: test
            - name: account-operator
            - name: chart
          resource:
            name: chart
      skipVerify: true
  14: |
    apiVersion: delivery.ocm.software/v1alpha1
    kind: Resource
    metadata:
      labels:
        artifact: chart
        repo: oci
      name: extension-manager-operator-chart
    spec:
      componentRef:
        name: platform-mesh
      interval: 3m
      ocmConfig:
        - apiVersion: delivery.ocm.software/v1alpha1
          kind: Repository
          name: platform-mesh
          namespace: default
      resource:
        byReference:
          referencePath:
            - name: test
            - name: extension-manager-operator
            - name: chart
          resource:
            name: chart
      skipVerify: true
  15: |
    apiVersion: delivery.ocm.software/v1alpha1
    kind: Resource
    metadata:
      labels:
        artifact: chart
        repo: oci
      name: iam-service-chart
    spec:
      componentRef:
        name: platform-mesh
      interval: 3m
      ocmConfig:
        - apiVersion: delivery.ocm.software/v1alpha1
          kind: Repository
          name: platform-mesh
          namespace: default
      resource:
        byReference:
          referencePath:
            - name: test
            - name: iam-service
            - name: chart
          resource:
            name: chart
      skipVerify: true
  16: |
    apiVersion: delivery.ocm.software/v1alpha1
    kind: Resource
    metadata:
      labels:
        artifact: chart
        repo: oci
      name: iam-ui-chart
    spec:
      componentRef:
        name: platform-mesh
      interval: 3m
      ocmConfig:
        - apiVersion: delivery.ocm.software/v1alpha1
          kind: Repository
          name: platform-mesh
          namespace: default
      resource:
        byReference:
          referencePath:
            - name: test
            - name: iam-ui
            - name: chart
          resource:
            name: chart
      skipVerify: true
  17: |
    apiVersion: delivery.ocm.software/v1alpha1
    kind: Resource
    metadata:
      labels:
        artifact: chart
        repo: oci
      name: infra-chart
    spec:
      componentRef:
        name: platform-mesh
      interval: 3m
      ocmConfig:
        - apiVersion: delivery.ocm.software/v1alpha1
          kind: Repository
          name: platform-mesh
          namespace: default
      resource:
        byReference:
          referencePath:
            - name: test
            - name: infra
            - name: chart
          resource:
            name: chart
      skipVerify: true
  18: |
    apiVersion: delivery.ocm.software/v1alpha1
    kind: Resource
    metadata:
      labels:
        artifact: chart
        repo: helm
      name: init-agent-chart
    spec:
      componentRef:
        name: platform-mesh
      interval: 3m
      ocmConfig:
        - apiVersion: delivery.ocm.software/v1alpha1
          kind: Repository
          name: platform-mesh
          namespace: default
      resource:
        byReference:
          referencePath:
            - name: test
            - name: init-agent
          resource:
            name: chart
      skipVerify: true
  19: |
    apiVersion: delivery.ocm.software/v1alpha1
    kind: Resource
    metadata:
      labels:
        artifact: chart
        repo: oci
      name: keycloak-chart
    spec:
      componentRef:
        name: platform-mesh
      interval: 3m
      ocmConfig:
        - apiVersion: delivery.ocm.software/v1alpha1
          kind: Repository
          name: platform-mesh
          namespace: default
      resource:
        byReference:
          referencePath:
            - name: test
            - name: keycloak
          resource:
            name: chart
      skipVerify: true
  20: |
    apiVersion: delivery.ocm.software/v1alpha1
    kind: Resource
    metadata:
      labels:
        artifact: chart
        repo: oci
      name: kubernetes-graphql-gateway-chart
    spec:
      componentRef:
        name: platform-mesh
      interval: 3m
      ocmConfig:
        - apiVersion: delivery.ocm.software/v1alpha1
          kind: Repository
          name: platform-mesh
          namespace: default
      resource:
        byReference:
          referencePath:
            - name: test
            - name: kubernetes-graphql-gateway
            - name: chart
          resource:
            name: chart
      skipVerify: true
  21: |
    apiVersion: delivery.ocm.software/v1alpha1
    kind: Resource
    metadata:
      labels:
        artifact: chart
        repo: helm
      name: openfga-chart
    spec:
      componentRef:
        name: platform-mesh
      interval: 3m
      ocmConfig:
        - apiVersion: delivery.ocm.software/v1alpha1
          kind: Repository
          name: platform-mesh
          namespace: default
      resource:
        byReference:
          referencePath:
            - name: test
            - name: openfga
          resource:
            name: chart
      skipVerify: true
  22: |
    apiVersion: delivery.ocm.software/v1alpha1
    kind: Resource
    metadata:
      labels:
        artifact: chart
        repo: oci
      name: rebac-authz-webhook-chart
    spec:
      componentRef:
        name: platform-mesh
      interval: 3m
      ocmConfig:
        - apiVersion: delivery.ocm.software/v1alpha1
          kind: Repository
          name: platform-mesh
          namespace: default
      resource:
        byReference:
          referencePath:
            - name: test
            - name: rebac-authz-webhook
            - name: chart
          resource:
            name: chart
      skipVerify: true
  23: |
    apiVersion: delivery.ocm.software/v1alpha1
    kind: Resource
    metadata:
      labels:
        artifact: chart
        repo: oci
      name: security-operator-chart
    spec:
      componentRef:
        name: platform-mesh
      interval: 3m
      ocmConfig:
        - apiVersion: delivery.ocm.software/v1alpha1
          kind: Repository
          name: platform-mesh
          namespace: default
      resource:
        byReference:
          referencePath:
            - name: test
            - name: security-operator
            - name: chart
          resource:
            name: chart
      skipVerify: true
  24: |
    apiVersion: delivery.ocm.software/v1alpha1
    kind: Resource
    metadata:
      labels:
        artifact: chart
        repo: oci
      name: virtual-workspaces-chart
    spec:
      componentRef:
        name: platform-mesh
      interval: 3m
      ocmConfig:
        - apiVersion: delivery.ocm.software/v1alpha1
          kind: Repository
          name: platform-mesh
          namespace: default
      resource:
        byReference:
          referencePath:
            - name: test
            - name: virtual-workspaces
            - name: chart
          resource:
            name: chart
      skipVerify: true
  25: |
    apiVersion: delivery.ocm.software/v1alpha1
    kind: Resource
    metadata:
      annotations:
        artifact: image
        for: account-operator
        repo: oci
      name: account-operator-image
    spec:
      componentRef:
        name: platform-mesh
      interval: 1m
      ocmConfig:
        - apiVersion: delivery.ocm.software/v1alpha1
          kind: Repository
          name: platform-mesh
          namespace: default
      resource:
        byReference:
          referencePath:
            - name: test
            - name: account-operator
            - name: image
          resource:
            name: image
  26: |
    apiVersion: delivery.ocm.software/v1alpha1
    kind: Resource
    metadata:
      annotations:
        artifact: image
        for: extension-manager-operator
        repo: oci
      name: extension-manager-operator-image
    spec:
      componentRef:
        name: platform-mesh
      interval: 1m
      ocmConfig:
        - apiVersion: delivery.ocm.software/v1alpha1
          kind: Repository
          name: platform-mesh
          namespace: default
      resource:
        byReference:
          referencePath:
            - name: test
            - name: extension-manager-operator
            - name: image
          resource:
            name: image
  27: |
    apiVersion: delivery.ocm.software/v1alpha1
    kind: Resource
    metadata:
      annotations:
        artifact: image
        for: iam-service
        repo: oci
      name: iam-service-image
    spec:
      componentRef:
        name: platform-mesh
      interval: 1m
      ocmConfig:
        - apiVersion: delivery.ocm.software/v1alpha1
          kind: Repository
          name: platform-mesh
          namespace: default
      resource:
        byReference:
          referencePath:
            - name: test
            - name: iam-service
            - name: image
          resource:
            name: image
  28: |
    apiVersion: delivery.ocm.software/v1alpha1
    kind: Resource
    metadata:
      annotations:
        artifact: image
        for: iam-ui
        repo: oci
      name: iam-ui-image
    spec:
      componentRef:
        name: platform-mesh
      interval: 1m
      ocmConfig:
        - apiVersion: delivery.ocm.software/v1alpha1
          kind: Repository
          name: platform-mesh
          namespace: default
      resource:
        byReference:
          referencePath:
            - name: test
            - name: iam-ui
            - name: image
          resource:
            name: image
  29: |
    apiVersion: delivery.ocm.software/v1alpha1
    kind: Resource
    metadata:
      annotations:
        artifact: image
        for: infra
        path: kcp.image.tag
        repo: oci
        unsuspend: true
      name: kcp-image
    spec:
      componentRef:
        name: platform-mesh
      interval: 1m
      ocmConfig:
        - apiVersion: delivery.ocm.software/v1alpha1
          kind: Repository
          name: platform-mesh
          namespace: default
      resource:
        byReference:
          referencePath:
            - name: kcp
          resource:
            name: image
  30: |
    apiVersion: delivery.ocm.software/v1alpha1
    kind: Resource
    metadata:
      annotations:
        artifact: image
        for: init-agent
        repo: oci
      name: init-agent-image
    spec:
      componentRef:
        name: platform-mesh
      interval: 1m
      ocmConfig:
        - apiVersion: delivery.ocm.software/v1alpha1
          kind: Repository
          name: platform-mesh
          namespace: default
      resource:
        byReference:
          referencePath:
            - name: test
            - name: init-agent
          resource:
            name: image
  31: |
    apiVersion: delivery.ocm.software/v1alpha1
    kind: Resource
    metadata:
      annotations:
        artifact: image
        for: keycloak
        repo: oci
      name: keycloak-image
    spec:
      componentRef:
        name: platform-mesh
      interval: 1m
      ocmConfig:
        - apiVersion: delivery.ocm.software/v1alpha1
          kind: Repository
          name: platform-mesh
          namespace: default
      resource:
        byReference:
          referencePath:
            - name: test
            - name: keycloak
          resource:
            name: image
  32: |
    apiVersion: delivery.ocm.software/v1alpha1
    kind: Resource
    metadata:
      annotations:
        artifact: image
        for: keycloak
        path: postgresql.image.tag
        repo: oci
      name: keycloak-postgresql-image
    spec:
      componentRef:
        name: platform-mesh
      interval: 1m
      ocmConfig:
        - apiVersion: delivery.ocm.software/v1alpha1
          kind: Repository
          name: platform-mesh
          namespace: default
      resource:
        byReference:
          referencePath:
            - name: test
            - name: keycloak
          resource:
            name: postgresql-image
  33: |
    apiVersion: delivery.ocm.software/v1alpha1
    kind: Resource
    metadata:
      annotations:
        artifact: image
        for: kubernetes-graphql-gateway
        repo: oci
      name: kubernetes-graphql-gateway-image
    spec:
      componentRef:
        name: platform-mesh
      interval: 1m
      ocmConfig:
        - apiVersion: delivery.ocm.software/v1alpha1
          kind: Repository
          name: platform-mesh
          namespace: default
      resource:
        byReference:
          referencePath:
            - name: test
            - name: kubernetes-graphql-gateway
            - name: image
          resource:
            name: image
  34: |
    apiVersion: delivery.ocm.software/v1alpha1
    kind: Resource
    metadata:
      annotations:
        artifact: image
        for: openfga
        repo: oci
      name: openfga-image
    spec:
      componentRef:
        name: platform-mesh
      interval: 1m
      ocmConfig:
        - apiVersion: delivery.ocm.software/v1alpha1
          kind: Repository
          name: platform-mesh
          namespace: default
      resource:
        byReference:
          referencePath:
            - name: test
            - name: openfga
          resource:
            name: image
  35: |
    apiVersion: delivery.ocm.software/v1alpha1
    kind: Resource
    metadata:
      annotations:
        artifact: image
        for: openfga
        path: postgresql.image.tag
        repo: oci
      name: openfga-postgresql-image
    spec:
      componentRef:
        name: platform-mesh
      interval: 1m
      ocmConfig:
        - apiVersion: delivery.ocm.software/v1alpha1
          kind: Repository
          name: platform-mesh
          namespace: default
      resource:
        byReference:
          referencePath:
            - name: test
            - name: openfga
          resource:
            name: postgresql-image
  36: |
    apiVersion: delivery.ocm.software/v1alpha1
    kind: Resource
    metadata:
      annotations:
        artifact: image
        for: rebac-authz-webhook
        repo: oci
      name: rebac-authz-webhook-image
    spec:
      componentRef:
        name: platform-mesh
      interval: 1m
      ocmConfig:
        - apiVersion: delivery.ocm.software/v1alpha1
          kind: Repository
          name: platform-mesh
          namespace: default
      resource:
        byReference:
          referencePath:
            - name: test
            - name: rebac-authz-webhook
            - name: image
          resource:
            name: image
  37: |
    apiVersion: delivery.ocm.software/v1alpha1
    kind: Resource
    metadata:
      annotations:
        artifact: image
        for: security-operator
        repo: oci
      name: security-operator-image
    spec:
      componentRef:
        name: platform-mesh
      interval: 1m
      ocmConfig:
        - apiVersion: delivery.ocm.software/v1alpha1
          kind: Repository
          name: platform-mesh
          namespace: default
      resource:
        byReference:
          referencePath:
            - name: test
            - name: security-operator
            - name: image
          resource:
            name: image
  38: |
    apiVersion: delivery.ocm.software/v1alpha1
    kind: Resource
    metadata:
      annotations:
        artifact: image
        for: virtual-workspaces
        repo: oci
      name: virtual-workspaces-image
    spec:
      componentRef:
        name: platform-mesh
      interval: 1m
      ocmConfig:
        - apiVersion: delivery.ocm.software/v1alpha1
          kind: Repository
          name: platform-mesh
          namespace: default
      resource:
        byReference:
          referencePath:
            - name: test
            - name: virtual-workspaces
            - name: image
          resource:
            name: image
