image enabled resource:
  1: |
    apiVersion: delivery.ocm.software/v1alpha1
    kind: Resource
    metadata:
      annotations:
        artifact: image
        for: account-operator
        repo: oci
      name: account-operator-image
    spec:
      componentRef:
        name: platform-mesh
      interval: 1m
      ocmConfig:
        - apiVersion: delivery.ocm.software/v1alpha1
          kind: Repository
          name: platform-mesh
          namespace: default
      resource:
        byReference:
          referencePath:
            - name: account-operator
          resource:
            name: image
  2: |
    apiVersion: delivery.ocm.software/v1alpha1
    kind: Resource
    metadata:
      annotations:
        artifact: image
        for: etcd-druid
        repo: oci
      name: etcd-druid-image
    spec:
      componentRef:
        name: platform-mesh
      interval: 1m
      ocmConfig:
        - apiVersion: delivery.ocm.software/v1alpha1
          kind: Repository
          name: platform-mesh
          namespace: default
      resource:
        byReference:
          referencePath:
            - name: etcd-druid
          resource:
            name: image
  3: |
    apiVersion: delivery.ocm.software/v1alpha1
    kind: Resource
    metadata:
      annotations:
        artifact: image
        for: extension-manager-operator
        repo: oci
      name: extension-manager-operator-image
    spec:
      componentRef:
        name: platform-mesh
      interval: 1m
      ocmConfig:
        - apiVersion: delivery.ocm.software/v1alpha1
          kind: Repository
          name: platform-mesh
          namespace: default
      resource:
        byReference:
          referencePath:
            - name: extension-manager-operator
          resource:
            name: image
  4: |
    apiVersion: delivery.ocm.software/v1alpha1
    kind: Resource
    metadata:
      annotations:
        artifact: image
        for: infra
        path: kcp.image.tag
        repo: oci
      name: kcp-image
    spec:
      componentRef:
        name: platform-mesh
      interval: 1m
      ocmConfig:
        - apiVersion: delivery.ocm.software/v1alpha1
          kind: Repository
          name: platform-mesh
          namespace: default
      resource:
        byReference:
          referencePath:
            - name: kcp
          resource:
            name: image
  5: |
    apiVersion: delivery.ocm.software/v1alpha1
    kind: Resource
    metadata:
      annotations:
        artifact: image
        for: kcp-operator
        repo: oci
      name: kcp-operator-image
    spec:
      componentRef:
        name: platform-mesh
      interval: 1m
      ocmConfig:
        - apiVersion: delivery.ocm.software/v1alpha1
          kind: Repository
          name: platform-mesh
          namespace: default
      resource:
        byReference:
          referencePath:
            - name: kcp-operator
          resource:
            name: image
  6: |
    apiVersion: delivery.ocm.software/v1alpha1
    kind: Resource
    metadata:
      annotations:
        artifact: image
        for: rebac-authz-webhook
        repo: oci
      name: rebac-authz-webhook-image
    spec:
      componentRef:
        name: platform-mesh
      interval: 1m
      ocmConfig:
        - apiVersion: delivery.ocm.software/v1alpha1
          kind: Repository
          name: platform-mesh
          namespace: default
      resource:
        byReference:
          referencePath:
            - name: rebac-authz-webhook
          resource:
            name: image
