image enabled resource:
  1: |
    apiVersion: delivery.ocm.software/v1alpha1
    kind: Resource
    metadata:
      labels:
        artifact: image
        component: etcd-druid
        repo: oci
      name: etcd-druid-image
    spec:
      componentRef:
        name: platform-mesh
      interval: 1m
      ocmConfig:
        - apiVersion: delivery.ocm.software/v1alpha1
          kind: Repository
          name: platform-mesh
          namespace: default
      resource:
        byReference:
          referencePath:
            - name: etcd-druid
          resource:
            name: image
  2: |
    apiVersion: delivery.ocm.software/v1alpha1
    kind: Resource
    metadata:
      labels:
        component: infra
        infra: "true"
      name: kcp-operator-image
    spec:
      componentRef:
        name: platform-mesh
      interval: 1m
      ocmConfig:
        - apiVersion: delivery.ocm.software/v1alpha1
          kind: Repository
          name: platform-mesh
          namespace: default
      resource:
        byReference:
          referencePath:
            - name: kcp-operator
          resource:
            name: image
