image enabled resource:
  1: |
    apiVersion: delivery.ocm.software/v1alpha1
    kind: Resource
    metadata:
      annotations:
        artifact: image
        for: account-operator
        repo: oci
      name: account-operator-image
    spec:
      componentRef:
        name: platform-mesh
      interval: 1m
      ocmConfig:
        - apiVersion: delivery.ocm.software/v1alpha1
          kind: Repository
          name: platform-mesh
          namespace: default
      resource:
        byReference:
          referencePath:
            - name: account-operator
          resource:
            name: image
  2: |
    apiVersion: delivery.ocm.software/v1alpha1
    kind: Resource
    metadata:
      annotations:
        artifact: image
        for: extension-manager-operator
        repo: oci
      name: extension-manager-operator-image
    spec:
      componentRef:
        name: platform-mesh
      interval: 1m
      ocmConfig:
        - apiVersion: delivery.ocm.software/v1alpha1
          kind: Repository
          name: platform-mesh
          namespace: default
      resource:
        byReference:
          referencePath:
            - name: extension-manager-operator
          resource:
            name: image
  3: |
    apiVersion: delivery.ocm.software/v1alpha1
    kind: Resource
    metadata:
      annotations:
        artifact: image
        for: iam-service
        repo: oci
      name: iam-service-image
    spec:
      componentRef:
        name: platform-mesh
      interval: 1m
      ocmConfig:
        - apiVersion: delivery.ocm.software/v1alpha1
          kind: Repository
          name: platform-mesh
          namespace: default
      resource:
        byReference:
          referencePath:
            - name: iam-service
          resource:
            name: image
  4: |
    apiVersion: delivery.ocm.software/v1alpha1
    kind: Resource
    metadata:
      annotations:
        artifact: image
        for: iam-ui
        repo: oci
      name: iam-ui-image
    spec:
      componentRef:
        name: platform-mesh
      interval: 1m
      ocmConfig:
        - apiVersion: delivery.ocm.software/v1alpha1
          kind: Repository
          name: platform-mesh
          namespace: default
      resource:
        byReference:
          referencePath:
            - name: iam-ui
          resource:
            name: image
  5: |
    apiVersion: delivery.ocm.software/v1alpha1
    kind: Resource
    metadata:
      annotations:
        artifact: image
        for: infra
        path: kcp.image.tag
        repo: oci
      name: kcp-image
    spec:
      componentRef:
        name: platform-mesh
      interval: 1m
      ocmConfig:
        - apiVersion: delivery.ocm.software/v1alpha1
          kind: Repository
          name: platform-mesh
          namespace: default
      resource:
        byReference:
          referencePath:
            - name: kcp
          resource:
            name: image
  6: |
    apiVersion: delivery.ocm.software/v1alpha1
    kind: Resource
    metadata:
      annotations:
        artifact: image
        for: kubernetes-graphql-gateway
        repo: oci
      name: kubernetes-graphql-gateway-image
    spec:
      componentRef:
        name: platform-mesh
      interval: 1m
      ocmConfig:
        - apiVersion: delivery.ocm.software/v1alpha1
          kind: Repository
          name: platform-mesh
          namespace: default
      resource:
        byReference:
          referencePath:
            - name: kubernetes-graphql-gateway
          resource:
            name: image
  7: |
    apiVersion: delivery.ocm.software/v1alpha1
    kind: Resource
    metadata:
      annotations:
        artifact: image
        for: openfga
        repo: oci
      name: openfga-image
    spec:
      componentRef:
        name: platform-mesh
      interval: 1m
      ocmConfig:
        - apiVersion: delivery.ocm.software/v1alpha1
          kind: Repository
          name: platform-mesh
          namespace: default
      resource:
        byReference:
          referencePath:
            - name: openfga
          resource:
            name: image
  8: |
    apiVersion: delivery.ocm.software/v1alpha1
    kind: Resource
    metadata:
      annotations:
        artifact: image
        for: openfga
        path: postgresql.image.tag
        repo: oci
      name: openfga-postgresql-image
    spec:
      componentRef:
        name: platform-mesh
      interval: 1m
      ocmConfig:
        - apiVersion: delivery.ocm.software/v1alpha1
          kind: Repository
          name: platform-mesh
          namespace: default
      resource:
        byReference:
          referencePath:
            - name: openfga
          resource:
            name: postgresql-image
  9: |
    apiVersion: delivery.ocm.software/v1alpha1
    kind: Resource
    metadata:
      annotations:
        artifact: image
        for: rebac-authz-webhook
        repo: oci
      name: rebac-authz-webhook-image
    spec:
      componentRef:
        name: platform-mesh
      interval: 1m
      ocmConfig:
        - apiVersion: delivery.ocm.software/v1alpha1
          kind: Repository
          name: platform-mesh
          namespace: default
      resource:
        byReference:
          referencePath:
            - name: rebac-authz-webhook
          resource:
            name: image
  10: |
    apiVersion: delivery.ocm.software/v1alpha1
    kind: Resource
    metadata:
      annotations:
        artifact: image
        for: security-operator
        repo: oci
      name: security-operator-image
    spec:
      componentRef:
        name: platform-mesh
      interval: 1m
      ocmConfig:
        - apiVersion: delivery.ocm.software/v1alpha1
          kind: Repository
          name: platform-mesh
          namespace: default
      resource:
        byReference:
          referencePath:
            - name: security-operator
          resource:
            name: image
  11: |
    apiVersion: delivery.ocm.software/v1alpha1
    kind: Resource
    metadata:
      annotations:
        artifact: image
        for: virtual-workspaces
        repo: oci
      name: virtual-workspaces-image
    spec:
      componentRef:
        name: platform-mesh
      interval: 1m
      ocmConfig:
        - apiVersion: delivery.ocm.software/v1alpha1
          kind: Repository
          name: platform-mesh
          namespace: default
      resource:
        byReference:
          referencePath:
            - name: virtual-workspaces
          resource:
            name: image
ocm resources:
  1: |
    apiVersion: delivery.ocm.software/v1alpha1
    kind: Resource
    metadata:
      labels:
        artifact: chart
        repo: oci
      name: account-operator
    spec:
      componentRef:
        name: platform-mesh
      interval: 3m
      ocmConfig:
        - apiVersion: delivery.ocm.software/v1alpha1
          kind: Repository
          name: platform-mesh
          namespace: default
      resource:
        byReference:
          referencePath:
            - name: account-operator
          resource:
            name: chart
      skipVerify: true
  2: |
    apiVersion: delivery.ocm.software/v1alpha1
    kind: Resource
    metadata:
      labels:
        artifact: chart
        repo: oci
      name: extension-manager-operator
    spec:
      componentRef:
        name: platform-mesh
      interval: 3m
      ocmConfig:
        - apiVersion: delivery.ocm.software/v1alpha1
          kind: Repository
          name: platform-mesh
          namespace: default
      resource:
        byReference:
          referencePath:
            - name: extension-manager-operator
          resource:
            name: chart
      skipVerify: true
  3: |
    apiVersion: delivery.ocm.software/v1alpha1
    kind: Resource
    metadata:
      labels:
        artifact: chart
        repo: oci
      name: iam-service
    spec:
      componentRef:
        name: platform-mesh
      interval: 3m
      ocmConfig:
        - apiVersion: delivery.ocm.software/v1alpha1
          kind: Repository
          name: platform-mesh
          namespace: default
      resource:
        byReference:
          referencePath:
            - name: iam-service
          resource:
            name: chart
      skipVerify: true
  4: |
    apiVersion: delivery.ocm.software/v1alpha1
    kind: Resource
    metadata:
      labels:
        artifact: chart
        repo: oci
      name: iam-ui
    spec:
      componentRef:
        name: platform-mesh
      interval: 3m
      ocmConfig:
        - apiVersion: delivery.ocm.software/v1alpha1
          kind: Repository
          name: platform-mesh
          namespace: default
      resource:
        byReference:
          referencePath:
            - name: iam-ui
          resource:
            name: chart
      skipVerify: true
  5: |
    apiVersion: delivery.ocm.software/v1alpha1
    kind: Resource
    metadata:
      labels:
        artifact: chart
        repo: oci
      name: infra
    spec:
      componentRef:
        name: platform-mesh
      interval: 3m
      ocmConfig:
        - apiVersion: delivery.ocm.software/v1alpha1
          kind: Repository
          name: platform-mesh
          namespace: default
      resource:
        byReference:
          referencePath:
            - name: infra
          resource:
            name: chart
      skipVerify: true
  6: |
    apiVersion: delivery.ocm.software/v1alpha1
    kind: Resource
    metadata:
      labels:
        artifact: chart
        repo: oci
      name: keycloak
    spec:
      componentRef:
        name: platform-mesh
      interval: 3m
      ocmConfig:
        - apiVersion: delivery.ocm.software/v1alpha1
          kind: Repository
          name: platform-mesh
          namespace: default
      resource:
        byReference:
          referencePath:
            - name: keycloak
          resource:
            name: chart
      skipVerify: true
  7: |
    apiVersion: delivery.ocm.software/v1alpha1
    kind: Resource
    metadata:
      labels:
        artifact: chart
        repo: oci
      name: kubernetes-graphql-gateway
    spec:
      componentRef:
        name: platform-mesh
      interval: 3m
      ocmConfig:
        - apiVersion: delivery.ocm.software/v1alpha1
          kind: Repository
          name: platform-mesh
          namespace: default
      resource:
        byReference:
          referencePath:
            - name: kubernetes-graphql-gateway
          resource:
            name: chart
      skipVerify: true
  8: |
    apiVersion: delivery.ocm.software/v1alpha1
    kind: Resource
    metadata:
      labels:
        artifact: chart
        repo: helm
      name: openfga
    spec:
      componentRef:
        name: platform-mesh
      interval: 3m
      ocmConfig:
        - apiVersion: delivery.ocm.software/v1alpha1
          kind: Repository
          name: platform-mesh
          namespace: default
      resource:
        byReference:
          referencePath:
            - name: openfga
          resource:
            name: chart
      skipVerify: true
  9: |
    apiVersion: delivery.ocm.software/v1alpha1
    kind: Resource
    metadata:
      labels:
        artifact: chart
        repo: oci
      name: rebac-authz-webhook
    spec:
      componentRef:
        name: platform-mesh
      interval: 3m
      ocmConfig:
        - apiVersion: delivery.ocm.software/v1alpha1
          kind: Repository
          name: platform-mesh
          namespace: default
      resource:
        byReference:
          referencePath:
            - name: rebac-authz-webhook
          resource:
            name: chart
      skipVerify: true
  10: |
    apiVersion: delivery.ocm.software/v1alpha1
    kind: Resource
    metadata:
      labels:
        artifact: chart
        repo: oci
      name: security-operator
    spec:
      componentRef:
        name: platform-mesh
      interval: 3m
      ocmConfig:
        - apiVersion: delivery.ocm.software/v1alpha1
          kind: Repository
          name: platform-mesh
          namespace: default
      resource:
        byReference:
          referencePath:
            - name: security-operator
          resource:
            name: chart
      skipVerify: true
  11: |
    apiVersion: delivery.ocm.software/v1alpha1
    kind: Resource
    metadata:
      labels:
        artifact: chart
        repo: oci
      name: virtual-workspaces
    spec:
      componentRef:
        name: platform-mesh
      interval: 3m
      ocmConfig:
        - apiVersion: delivery.ocm.software/v1alpha1
          kind: Repository
          name: platform-mesh
          namespace: default
      resource:
        byReference:
          referencePath:
            - name: virtual-workspaces
          resource:
            name: chart
      skipVerify: true
